/Users/garrettli/.cache/brb/venv-eeg/lib/python3.14/site-packages/statsmodels/regression/mixed_linear_model.py:2237: ConvergenceWarning: The MLE may be on the boundary of the parameter space.
  warnings.warn(msg, ConvergenceWarning)
phase-A events by subtype: {'A1': 4017, 'A2': 1341, 'A3': 1211}
excluded: {('A1', 'MT'): 6, ('A1', 'le2_delta_cycles'): 88, ('A2', 'MT'): 8, ('A2', 'le2_delta_cycles'): 19, ('A3', 'MT'): 62, ('A3', 'le2_delta_cycles'): 4}
included (paper Table S2 Control: A1 2741, A2 829, A3 820): {'A1': 3923, 'A2': 1314, 'A3': 1145}
channel/fs by subject: {'n1': {'channel': 'C4-A1', 'fs': 512.0}, 'n10': {'channel': 'C4-A1', 'fs': 512.0}, 'n11': {'channel': 'C4-A1', 'fs': 512.0}, 'n12': {'channel': 'C4-A1', 'fs': 100.0}, 'n13': {'channel': 'C4A1', 'fs': 200.0}, 'n14': {'channel': 'C4A1', 'fs': 200.0}, 'n15': {'channel': 'C4A1', 'fs': 200.0}, 'n16': {'channel': 'C4-A1', 'fs': 100.0}, 'n2': {'channel': 'C4-A1', 'fs': 512.0}, 'n3': {'channel': 'C4-A1', 'fs': 512.0}, 'n4': {'channel': 'C4-A1', 'fs': 100.0}, 'n5': {'channel': 'C4-A1', 'fs': 512.0}, 'n6': {'channel': 'C3-A2', 'fs': 128.0}, 'n7': {'channel': 'C3-A2', 'fs': 128.0}, 'n8': {'channel': 'C3-A2', 'fs': 100.0}, 'n9': {'channel': 'C3-A2', 'fs': 128.0}}

RAW  A1-A3 MI: +0.00503 [+0.00398, +0.00609]  d_z +2.54 [+1.91, +5.83]  t15=10.16 p=4e-08 (W p=3.1e-05)  n=16  a=0.01222 b=0.00719
RAW  A1-A2 MI: +0.00266 [+0.00130, +0.00402]  d_z +1.04 [+0.56, +1.99]  t15=4.16 p=0.00083 (W p=0.001)  n=16  a=0.01222 b=0.00956
RAW  A2-A3 MI: +0.00237 [+0.00123, +0.00351]  d_z +1.11 [+0.56, +2.29]  t15=4.42 p=0.0005 (W p=0.00076)  n=16  a=0.00956 b=0.00719
subject-mean MI by subtype: {'A1': 0.01222, 'A2': 0.00956, 'A3': 0.00719}
segment-level mixed model (ref A3): {"C(subtype, Treatment('A3'))[T.A1]": '+0.00524 p=2.3e-72', "C(subtype, Treatment('A3'))[T.A2]": '+0.00269 p=9.4e-15'}

PREMISE duration A1-A3 (s): -7.20066 [-8.24138, -6.15995]  d_z -3.69 [-6.36, -2.99]  t15=-14.75 p=2.5e-10 (W p=3.1e-05)  n=16  a=6.01033 b=13.21099
PREMISE floor    A1-A3 MI: +0.00422 [+0.00328, +0.00517]  d_z +2.39 [+1.87, +4.11]  t15=9.54 p=9.2e-08 (W p=3.1e-05)  n=16  a=0.01131 b=0.00709  floor/d_raw = 0.84
PREMISE holds: True

CTRL C-crop (first 4 s) A1-A3: +0.00088 [-0.00068, +0.00243]  d_z +0.30 [-0.19, +0.82]  t15=1.20 p=0.25 (W p=0.38)  n=16  a=0.01490 b=0.01402  ratio 0.17
CTRL C-debias          A1-A3: +0.00081 [+0.00022, +0.00139]  d_z +0.74 [+0.36, +1.26]  t15=2.95 p=0.0099 (W p=0.0092)  n=16  a=0.00091 b=0.00010  ratio 0.16

VERDICT: RAW reproduces=True  PREMISE=True  accounts=True  persists=False  -> length bias accounts

--- exploratory (not part of the decision) ---
mi_first3  A1-A3: +0.00080 [-0.00110, +0.00269]  d_z +0.22 [-0.25, +0.83]  t15=0.89 p=0.39 (W p=0.3)  n=16  a=0.01824 b=0.01744
mi_first5  A1-A3: +0.00020 [-0.00124, +0.00165]  d_z +0.07 [-0.45, +0.62]  t15=0.30 p=0.77 (W p=0.94)  n=16  a=0.01230 b=0.01210
mi_first6  A1-A3: -0.00004 [-0.00131, +0.00122]  d_z -0.02 [-0.55, +0.50]  t15=-0.08 p=0.94 (W p=0.9)  n=16  a=0.01052 b=0.01056
mi_mid4    A1-A3: +0.00068 [-0.00115, +0.00251]  d_z +0.20 [-0.29, +0.78]  t15=0.79 p=0.44 (W p=0.4)  n=16  a=0.01489 b=0.01421
mi_delta1  A1-A3: +0.00291 [+0.00238, +0.00345]  d_z +2.90 [+2.25, +4.62]  t15=11.60 p=6.9e-09 (W p=3.1e-05)  n=16  a=0.00633 b=0.00342
mi_f4c4    A1-A3: +0.00469 [+0.00254, +0.00684]  d_z +1.67 [+1.16, +8.98]  t8=5.02 p=0.001 (W p=0.0039)  n=9  a=0.01122 b=0.00653
mi_raw     A1-A2: +0.00266 [+0.00130, +0.00402]  d_z +1.04 [+0.56, +1.99]  t15=4.16 p=0.00083 (W p=0.001)  n=16  a=0.01222 b=0.00956
mi_raw     A2-A3: +0.00237 [+0.00123, +0.00351]  d_z +1.11 [+0.56, +2.29]  t15=4.42 p=0.0005 (W p=0.00076)  n=16  a=0.00956 b=0.00719
mi_first4  A1-A2: +0.00083 [-0.00034, +0.00200]  d_z +0.38 [-0.10, +0.91]  t15=1.51 p=0.15 (W p=0.21)  n=16  a=0.01490 b=0.01407
mi_first4  A2-A3: +0.00004 [-0.00094, +0.00102]  d_z +0.02 [-0.51, +0.56]  t15=0.10 p=0.92 (W p=1)  n=16  a=0.01407 b=0.01402
mi_debias  A1-A2: +0.00041 [-0.00007, +0.00089]  d_z +0.46 [-0.01, +1.01]  t15=1.83 p=0.087 (W p=0.058)  n=16  a=0.00091 b=0.00050
mi_debias  A2-A3: +0.00040 [-0.00003, +0.00082]  d_z +0.50 [+0.01, +1.31]  t15=1.99 p=0.066 (W p=0.1)  n=16  a=0.00050 b=0.00010
duration-matched (1-s bins, 4-10 s) A1-A3: +0.00125 [-0.00022, +0.00272] d_z +0.45 n=16
MI ~ 1/duration slope within A1: +0.0525 [+0.0464, +0.0586] n=16
MI ~ 1/duration slope within A2: +0.0544 [+0.0451, +0.0637] n=16
MI ~ 1/duration slope within A3: +0.0384 [+0.0297, +0.0470] n=16
A1 S2-S4 mi_raw   : +0.00348 [+0.00205, +0.00491]  d_z +1.30 [+1.00, +2.61]  t15=5.19 p=0.00011 (W p=3.1e-05)  n=16  a=0.01422 b=0.01074
A1 S2-S4 mi_first4: -0.00038 [-0.00185, +0.00109]  d_z -0.14 [-1.00, +0.29]  t15=-0.56 p=0.59 (W p=0.12)  n=16  a=0.01452 b=0.01491
A1 S2-S4 mi_debias: -0.00008 [-0.00065, +0.00049]  d_z -0.07 [-0.64, +0.44]  t15=-0.29 p=0.77 (W p=0.78)  n=16  a=0.00079 b=0.00087
A1 S2-S4 dur      : -2.17674 [-2.86296, -1.49051]  d_z -1.69 [-2.81, -1.20]  t15=-6.76 p=6.4e-06 (W p=3.1e-05)  n=16  a=4.80294 b=6.97968
